2011-03-25 00:04:55	no project,so no database to back up!
2011-03-25 00:04:55 Upload to 735064191@qq.com successful!
2011-03-25 23:59:00	no project,so no database to back up!
2011-03-25 23:59:00 Upload to 735064191@qq.com successful!
2011-03-28 23:39:18	no project,so no database to back up!
2011-03-28 23:39:18 Upload to 735064191@qq.com successful!
2011-03-30 23:19:03	no project,so no database to back up!
2011-03-30 23:19:03 Upload to 735064191@qq.com successful!
